Microchip MPLAB XC8 Compiler V2.41

Linker command line:

-W-3 \
  --edf=C:\Program Files\Microchip\xc8\v2.41\pic\dat\20230208172133_en.msgs \
  -cn \
  -h+dist/default/production\Pic18f4620_Driver_Mohamed_Yossri.X.production.sym \
  --cmf=dist/default/production\Pic18f4620_Driver_Mohamed_Yossri.X.production.cmf \
  -z -Q18F4620 -oC:\Users\Yossri\AppData\Local\Temp\xcAs3c0.\driver_tmp_3.o \
  --defsym=__MPLAB_BUILD=1 --fixupoverflow=error \
  -Mdist/default/production/Pic18f4620_Driver_Mohamed_Yossri.X.production.map \
  --md=C:\Users\Yossri\AppData\Local\Temp\xcAs3c0.\driver_tmp_0.dat -E1 \
  -ver=XC8 Compiler --acfsm=1493 -ACODE=00h-0FFFFh -ACONST=00h-0FFFFh \
  -ASMALLCONST=01000h-010FFhx240 -AMEDIUMCONST=01000h-0FFFFh \
  -ACOMRAM=01h-07Fh -AABS1=00h-0F7Fh -ABIGRAM=01h-0F7Fh \
  -ARAM=080h-0FFh,0100h-01FFhx14,0F00h-0F7Fh -ABANK0=080h-0FFh \
  -ABANK1=0100h-01FFh -ABANK2=0200h-02FFh -ABANK3=0300h-03FFh \
  -ABANK4=0400h-04FFh -ABANK5=0500h-05FFh -ABANK6=0600h-06FFh \
  -ABANK7=0700h-07FFh -ABANK8=0800h-08FFh -ABANK9=0900h-09FFh \
  -ABANK10=0A00h-0AFFh -ABANK11=0B00h-0BFFh -ABANK12=0C00h-0CFFh \
  -ABANK13=0D00h-0DFFh -ABANK14=0E00h-0EFFh -ABANK15=0F00h-0F7Fh \
  -ASFR=0F80h-0FFFh -ABIGSFR=0F80h-0FFFh -ACONFIG=0300000h-030000Dh \
  -AIDLOC=0200000h-0200007h -AEEDATA=0F00000h-0F003FFh -peeprom_data=EEDATA \
  -preset_vec=00h,intcode=08h,intcodelo,powerup,init -pramtop=01000h \
  -psmallconst=SMALLCONST -pmediumconst=MEDIUMCONST -pconst=CONST \
  -AFARRAM=00h-00h \
  -prdata=COMRAM,nvrram=COMRAM,nvbit=COMRAM,rbss=COMRAM,rbit=COMRAM \
  -pfarbss=FARRAM,fardata=FARRAM,nvFARRAM=FARRAM \
  -pintsave_regs=BIGRAM,bigbss=BIGRAM,bigdata=BIGRAM -pbss=RAM \
  -pidata=CODE,irdata=CODE,ibigdata=CODE,ifardata=CODE -prparam=COMRAM \
  C:\Users\Yossri\AppData\Local\Temp\xcAs3c0.\driver_tmp_9.o \
  dist/default/production\Pic18f4620_Driver_Mohamed_Yossri.X.production.o 

Object code version is 3.11

Machine type is 18F4620



                Name                               Link     Load   Length Selector   Space Scale
C:\Users\Yossri\AppData\Local\Temp\xcAs3c0.\driver_tmp_9.o
                idloc                            200000   200000        8        0       5
                config                           300000   300000        E        0       4
                init                                  E        E        4        4       0
                reset_vec                             0        0        4        0       0
dist/default/production\Pic18f4620_Driver_Mohamed_Yossri.X.production.o
                intcode                               8        8        6        4       0
                idloc                            200000   200000        8        0       5
                config                           300000   300000        E        0       4
                temp                                 7D       7D        1        1       1
                smallconst                         1000     1000       16      800       0
                text22                             160A     160A        2      80B       0
                text21                             1600     1600        4      80B       0
                text20                             14F0     14F0       2E      80B       0
                text19                             15FC     15FC        4      80B       0
                text18                             15F8     15F8        4      80B       0
                text17                             15F4     15F4        4      80B       0
                text16                             15F0     15F0        4      80B       0
                text15                             15EC     15EC        4      80B       0
                text14                             15E8     15E8        4      80B       0
                text13                             1598     1598       1A      80B       0
                text12                             157E     157E       1A      80B       0
                text11                             1564     1564       1A      80B       0
                text10                             154A     154A       1A      80B       0
                text9                              15E4     15E4        4      80B       0
                text8                              15CA     15CA        C      80B       0
                text7                              15D6     15D6        A      80B       0
                text6                              1608     1608        2      80B       0
                text5                              15BE     15BE        C      80B       0
                text4                              1606     1606        2      80B       0
                text3                              15E0     15E0        4      80B       0
                intcode_body                       1016     1016      436      80B       0
                text1                              1604     1604        2      80B       0
                text0                              15B2     15B2        C      80B       0
                cstackCOMRAM                         7A       7A        3        1       1
                dataBANK0                            80       80       42       80       1
                bssBANK0                             C2       C2        B       80       1
                dataCOMRAM                           4E       4E       2C        1       1
                bssCOMRAM                             1        1       4D        1       1
                cinit                              144C     144C       62      80B       0
                idataBANK0                         14AE     14AE       42      80B       0
                idataCOMRAM                        151E     151E       2C      80B       0

TOTAL           Name                               Link     Load   Length     Space
        CLASS   CODE           
                intcode                               8        8        6         0
                init                                  E        E        4         0
                reset_vec                             0        0        4         0
                text22                             160A     160A        2         0
                text21                             1600     1600        4         0
                text20                             14F0     14F0       2E         0
                text19                             15FC     15FC        4         0
                text18                             15F8     15F8        4         0
                text17                             15F4     15F4        4         0
                text16                             15F0     15F0        4         0
                text15                             15EC     15EC        4         0
                text14                             15E8     15E8        4         0
                text13                             1598     1598       1A         0
                text12                             157E     157E       1A         0
                text11                             1564     1564       1A         0
                text10                             154A     154A       1A         0
                text9                              15E4     15E4        4         0
                text8                              15CA     15CA        C         0
                text7                              15D6     15D6        A         0
                text6                              1608     1608        2         0
                text5                              15BE     15BE        C         0
                text4                              1606     1606        2         0
                text3                              15E0     15E0        4         0
                intcode_body                       1016     1016      436         0
                text1                              1604     1604        2         0
                text0                              15B2     15B2        C         0
                cinit                              144C     144C       62         0
                idataBANK0                         14AE     14AE       42         0
                idataCOMRAM                        151E     151E       2C         0

        CLASS   CONST          

        CLASS   SMALLCONST     
                smallconst                         1000     1000       16         0

        CLASS   MEDIUMCONST    

        CLASS   COMRAM         
                temp                                 7D       7D        1         1
                cstackCOMRAM                         7A       7A        3         1
                dataCOMRAM                           4E       4E       2C         1
                bssCOMRAM                             1        1       4D         1

        CLASS   ABS1           

        CLASS   BIGRAM         

        CLASS   RAM            

        CLASS   BANK0          
                dataBANK0                            80       80       42         1
                bssBANK0                             C2       C2        B         1

        CLASS   BANK1          

        CLASS   BANK2          

        CLASS   BANK3          

        CLASS   BANK4          

        CLASS   BANK5          

        CLASS   BANK6          

        CLASS   BANK7          

        CLASS   BANK8          

        CLASS   BANK9          

        CLASS   BANK10         

        CLASS   BANK11         

        CLASS   BANK12         

        CLASS   BANK13         

        CLASS   BANK14         

        CLASS   BANK15         

        CLASS   SFR            

        CLASS   BIGSFR         

        CLASS   CONFIG         
                config                           300000   300000        E         4

        CLASS   IDLOC          
                idloc                            200000   200000        8         5

        CLASS   EEDATA         

        CLASS   FARRAM         

        CLASS   HEAP           

        CLASS   STACK          



SEGMENTS        Name                           Load    Length   Top    Selector   Space  Class

                reset_vec                      000000  000004  000004         0       0  CODE    
                bssCOMRAM                      000001  00007D  00007E         1       1  COMRAM  
                intcode                        000008  00000A  000012         4       0  CODE    
                dataBANK0                      000080  00004D  0000CD        80       1  BANK0   
                smallconst                     001000  000016  001016       800       0  SMALLCON
                intcode_body                   001016  0005F6  00160C       80B       0  CODE    


UNUSED ADDRESS RANGES

        Name                Unused          Largest block    Delta
        BANK0            0000CD-0000FF               33
        BANK1            000100-0001FF              100
        BANK10           000A00-000AFF              100
        BANK11           000B00-000BFF              100
        BANK12           000C00-000CFF              100
        BANK13           000D00-000DFF              100
        BANK14           000E00-000EFF              100
        BANK15           000F00-000F7F               80
        BANK2            000200-0002FF              100
        BANK3            000300-0003FF              100
        BANK4            000400-0004FF              100
        BANK5            000500-0005FF              100
        BANK6            000600-0006FF              100
        BANK7            000700-0007FF              100
        BANK8            000800-0008FF              100
        BANK9            000900-0009FF              100
        BIGRAM           00007E-00007F                2
                         0000CD-000F7F              EB3
        BIGSFR           000F80-000FFF               80
        CODE             000004-000007                4
                         000012-000FFF              FEE
                         00160C-00FFFF             E9F4
        COMRAM           00007E-00007F                2
        CONST            000004-000007                4
                         000012-000FFF              FEE
                         00160C-00FFFF             E9F4
        EEDATA           F00000-F003FF              400
        MEDIUMCONST      00160C-00FFFF             E9F4
        RAM              0000CD-000F7F              100
        SFR              000F80-000FFF               80
        SMALLCONST       00160C-00FFFF              100

                                  Symbol Table

Led_Intialize@F2820                                bssCOMRAM    00004D
Led_Toggle@F2835                                   bssCOMRAM    00004A
Led_Turn_Off@F2830                                 bssCOMRAM    00004B
Led_Turn_On@F2825                                  bssCOMRAM    00004C
MSSP_SPI_Msster_Mode_GPIO_PIN_Configurations@F2871 dataCOMRAM   000075
MSSP_SPI_Msster_Mode_GPIO_PIN_Configurations@F2873 dataCOMRAM   000074
MSSP_SPI_Msster_Mode_GPIO_PIN_Configurations@F2875 dataCOMRAM   000073
MSSP_SPI_Slave_Mode_GPIO_PIN_Configurations@F2880  dataCOMRAM   000072
MSSP_SPI_Slave_Mode_GPIO_PIN_Configurations@F2882  dataCOMRAM   000071
MSSP_SPI_Slave_Mode_GPIO_PIN_Configurations@F2884  dataCOMRAM   000070
MSSP_SPI_Slave_Mode_GPIO_PIN_Configurations@F2886  dataCOMRAM   00006F
RB4_ISR@state                                      cstackCOMRAM 00007A
RB5_ISR@state                                      cstackCOMRAM 00007A
RB6_ISR@state                                      cstackCOMRAM 00007A
RB7_ISR@state                                      cstackCOMRAM 00007A
Relay_Intialize@F2818                              bssCOMRAM    000049
Relay_Turn_Off@F2829                               bssCOMRAM    000047
Relay_Turn_On@F2823                                bssCOMRAM    000048
_ADCON0bits                                        (abs)        000FC2
_ADCON1bits                                        (abs)        000FC1
_ADCON2bits                                        (abs)        000FC0
_ADC_ISR                                           text22       00160A
_ADRESH                                            (abs)        000FC4
_ADRESL                                            (abs)        000FC3
_BAUDCONbits                                       (abs)        000FB8
_CCP1CONbits                                       (abs)        000FBD
_CCP1_ISR                                          text21       001600
_CCP1_IntterruptHandeler                           bssCOMRAM    000045
_CCP2CONbits                                       (abs)        000FBA
_CCP2_ISR                                          text20       0014F0
_CCP2_IntterruptHandeler                           bssCOMRAM    000043
_CCPR1L                                            (abs)        000FBE
_CCPR2L                                            (abs)        000FBB
_ECCP1ASbits                                       (abs)        000FB6
_ECCP_ISR                                          text19       0015FC
_ECCP_IntterruptHandeler_                          bssCOMRAM    000041
_EEADR                                             (abs)        000FA9
_EEADRH                                            (abs)        000FAA
_EECON1bits                                        (abs)        000FA6
_EECON2                                            (abs)        000FA7
_EEDATA                                            (abs)        000FA8
_EUSART_FRAMINGERRORDefaultHandler_                bssCOMRAM    00000F
_EUSART_OVERRUNERRORDefaultHandler_                bssCOMRAM    00000D
_I2C_DefaultInterruptHandle                        bssCOMRAM    00003D
_I2C_Report_Write_Collision_InterruptHandler       bssCOMRAM    00003F
_INT0_ISR                                          text18       0015F8
_INT0_interruptHandler                             bssCOMRAM    000039
_INT1_ISR                                          text17       0015F4
_INT1_interruptHandler                             bssCOMRAM    000037
_INT2_ISR                                          text16       0015F0
_INT2_interruptHandler                             bssCOMRAM    000035
_INTCON2bits                                       (abs)        000FF1
_INTCON3bits                                       (abs)        000FF0
_INTCONbits                                        (abs)        000FF2
_InterruptManagerHigh                              intcode      000008
_Key_Pad_Array                                     smallconst   001001
_LATA                                              (abs)        000F89
_LATB                                              (abs)        000F8A
_LATC                                              (abs)        000F8B
_LATD                                              (abs)        000F8C
_LATE                                              (abs)        000F8D
_Lat_Reg                                           dataCOMRAM   000058
_MSSP_I2C_BC_ISR                                   text15       0015EC
_MSSP_I2C_ISR                                      text14       0015E8
_MSSP_SPI_IntterruptHandeler                       bssCOMRAM    000023
_PIE1bits                                          (abs)        000F9D
_PIE2bits                                          (abs)        000FA0
_PIR1bits                                          (abs)        000F9E
_PIR2bits                                          (abs)        000FA1
_PORTA                                             (abs)        000F80
_PORTB                                             (abs)        000F81
_PORTBbits                                         (abs)        000F81
_PORTC                                             (abs)        000F82
_PORTD                                             (abs)        000F83
_PORTE                                             (abs)        000F84
_PR2                                               (abs)        000FCB
_PWM1CONbits                                       (abs)        000FB7
_Port_Reg                                          dataCOMRAM   00004E
_RB4_ISR                                           text13       001598
_RB4_flag                                          dataCOMRAM   000079
_RB4_interruptHandler_High                         bssCOMRAM    000033
_RB4_interruptHandler_Low                          bssCOMRAM    000031
_RB5_ISR                                           text12       00157E
_RB5_flag                                          dataCOMRAM   000078
_RB5_interruptHandler_High                         bssCOMRAM    00002F
_RB5_interruptHandler_Low                          bssCOMRAM    00002D
_RB6_ISR                                           text11       001564
_RB6_flag                                          dataCOMRAM   000077
_RB6_interruptHandler_High                         bssCOMRAM    00002B
_RB6_interruptHandler_Low                          bssCOMRAM    000029
_RB7_ISR                                           text10       00154A
_RB7_flag                                          dataCOMRAM   000076
_RB7_interruptHandler_High                         bssCOMRAM    000027
_RB7_interruptHandler_Low                          bssCOMRAM    000025
_RCREG                                             (abs)        000FAE
_RCSTAbits                                         (abs)        000FAB
_SPBRG                                             (abs)        000FAF
_SPBRGH                                            (abs)        000FB0
_SPI_ISR                                           text9        0015E4
_SSPADD                                            (abs)        000FC8
_SSPBUF                                            (abs)        000FC9
_SSPCON1bits                                       (abs)        000FC6
_SSPCON2bits                                       (abs)        000FC5
_SSPSTATbits                                       (abs)        000FC7
_T0CONbits                                         (abs)        000FD5
_T1CONbits                                         (abs)        000FCD
_T2CONbits                                         (abs)        000FCA
_T3CONbits                                         (abs)        000FB1
_TIMER0_ISR                                        text8        0015CA
_TIMER0_IntterruptHandeler                         bssCOMRAM    000021
_TIMER1_ISR                                        text7        0015D6
_TIMER1_IntterruptHandeler                         bssCOMRAM    00001D
_TIMER2_ISR                                        text6        001608
_TIMER3_ISR                                        text5        0015BE
_TIMER3_InterruptHandler                           bssCOMRAM    000017
_TMR0H                                             (abs)        000FD7
_TMR0L                                             (abs)        000FD6
_TMR1H                                             (abs)        000FCF
_TMR1L                                             (abs)        000FCE
_TMR2                                              (abs)        000FCC
_TMR3H                                             (abs)        000FB3
_TMR3L                                             (abs)        000FB2
_TRISA                                             (abs)        000F92
_TRISB                                             (abs)        000F93
_TRISC                                             (abs)        000F94
_TRISCbits                                         (abs)        000F94
_TRISD                                             (abs)        000F95
_TRISE                                             (abs)        000F96
_TXREG                                             (abs)        000FAD
_TXSTAbits                                         (abs)        000FAC
_Tris_Reg                                          dataCOMRAM   000062
_USART_RX_ISR                                      text4        001606
_USART_RX_IntterruptHandeler_                      bssCOMRAM    000011
_USART_TX_ISR                                      text3        0015E0
_USART_TX_IntterruptHandeler_                      bssCOMRAM    000013
__HRAM                                             (abs)        000000
__H__absolute__                                    __absolute__ 000000
__Habs1                                            abs1         000000
__Hbank0                                           bank0        000000
__Hbank1                                           bank1        000000
__Hbank10                                          bank10       000000
__Hbank11                                          bank11       000000
__Hbank12                                          bank12       000000
__Hbank13                                          bank13       000000
__Hbank14                                          bank14       000000
__Hbank15                                          bank15       000000
__Hbank2                                           bank2        000000
__Hbank3                                           bank3        000000
__Hbank4                                           bank4        000000
__Hbank5                                           bank5        000000
__Hbank6                                           bank6        000000
__Hbank7                                           bank7        000000
__Hbank8                                           bank8        000000
__Hbank9                                           bank9        000000
__Hbigbss                                          bigbss       000000
__Hbigdata                                         bigdata      000000
__Hbigram                                          bigram       000000
__Hbigsfr                                          bigsfr       000000
__Hbss                                             bss          000000
__HbssBANK0                                        bssBANK0     000000
__HbssCOMRAM                                       bssCOMRAM    000000
__Hcinit                                           cinit        000000
__Hclrtext                                         clrtext      000000
__Hcomram                                          comram       000000
__Hconfig                                          config       30000E
__Hconst                                           const        000000
__HcstackBANK0                                     cstackBANK0  000000
__HcstackCOMRAM                                    cstackCOMRAM 000000
__Hdata                                            data         000000
__HdataBANK0                                       dataBANK0    000000
__HdataCOMRAM                                      dataCOMRAM   000000
__Heeprom_data                                     eeprom_data  000000
__Hfarbss                                          farbss       000000
__Hfardata                                         fardata      000000
__Hheap                                            heap         000000
__Hibigdata                                        ibigdata     000000
__Hidata                                           idata        000000
__HidataBANK0                                      idataBANK0   000000
__HidataCOMRAM                                     idataCOMRAM  000000
__Hidloc                                           idloc        200008
__Hifardata                                        ifardata     000000
__Hinit                                            init         000012
__Hintcode                                         intcode      00000E
__Hintcode_body                                    intcode_body 000000
__Hintcodelo                                       intcodelo    00000E
__Hintentry                                        intentry     000000
__Hintret                                          intret       000000
__Hintsave_regs                                    intsave_regs 000000
__Hirdata                                          irdata       000000
__Hmediumconst                                     mediumconst  000000
__HnvFARRAM                                        nvFARRAM     000000
__Hnvbit                                           nvbit        000000
__Hnvrram                                          nvrram       000000
__Hparam                                           rparam       000000
__Hpowerup                                         powerup      00000E
__Hram                                             ram          000000
__Hramtop                                          ramtop       001000
__Hrbit                                            rbit         000000
__Hrbss                                            rbss         000000
__Hrdata                                           rdata        000000
__Hreset_vec                                       reset_vec    000004
__Hrparam                                          rparam       000000
__Hsfr                                             sfr          000000
__Hsmallconst                                      smallconst   001016
__Hspace_0                                         (abs)        00160C
__Hspace_1                                         (abs)        0000CD
__Hspace_2                                         (abs)        000000
__Hspace_4                                         (abs)        60000E
__Hstack                                           stack        000000
__Hstruct                                          struct       000000
__Htemp                                            temp         00007E
__Htext                                            text         000000
__Htext0                                           text0        000000
__Htext1                                           text1        000000
__Htext10                                          text10       000000
__Htext11                                          text11       000000
__Htext12                                          text12       000000
__Htext13                                          text13       000000
__Htext14                                          text14       000000
__Htext15                                          text15       000000
__Htext16                                          text16       000000
__Htext17                                          text17       000000
__Htext18                                          text18       000000
__Htext19                                          text19       000000
__Htext20                                          text20       000000
__Htext21                                          text21       000000
__Htext22                                          text22       000000
__Htext3                                           text3        000000
__Htext4                                           text4        000000
__Htext5                                           text5        000000
__Htext6                                           text6        000000
__Htext7                                           text7        000000
__Htext8                                           text8        000000
__Htext9                                           text9        000000
__LRAM                                             (abs)        000001
__L__absolute__                                    __absolute__ 000000
__Labs1                                            abs1         000000
__Lbank0                                           bank0        000000
__Lbank1                                           bank1        000000
__Lbank10                                          bank10       000000
__Lbank11                                          bank11       000000
__Lbank12                                          bank12       000000
__Lbank13                                          bank13       000000
__Lbank14                                          bank14       000000
__Lbank15                                          bank15       000000
__Lbank2                                           bank2        000000
__Lbank3                                           bank3        000000
__Lbank4                                           bank4        000000
__Lbank5                                           bank5        000000
__Lbank6                                           bank6        000000
__Lbank7                                           bank7        000000
__Lbank8                                           bank8        000000
__Lbank9                                           bank9        000000
__Lbigbss                                          bigbss       000000
__Lbigdata                                         bigdata      000000
__Lbigram                                          bigram       000000
__Lbigsfr                                          bigsfr       000000
__Lbss                                             bss          000000
__LbssBANK0                                        bssBANK0     000000
__LbssCOMRAM                                       bssCOMRAM    000000
__Lcinit                                           cinit        000000
__Lclrtext                                         clrtext      000000
__Lcomram                                          comram       000000
__Lconfig                                          config       000000
__Lconst                                           const        000000
__LcstackBANK0                                     cstackBANK0  000000
__LcstackCOMRAM                                    cstackCOMRAM 000000
__Ldata                                            data         000000
__LdataBANK0                                       dataBANK0    000000
__LdataCOMRAM                                      dataCOMRAM   000000
__Leeprom_data                                     eeprom_data  000000
__Lfarbss                                          farbss       000000
__Lfardata                                         fardata      000000
__Lheap                                            heap         000000
__Libigdata                                        ibigdata     000000
__Lidata                                           idata        000000
__LidataBANK0                                      idataBANK0   000000
__LidataCOMRAM                                     idataCOMRAM  000000
__Lidloc                                           idloc        000000
__Lifardata                                        ifardata     000000
__Linit                                            init         00000E
__Lintcode                                         intcode      000008
__Lintcode_body                                    intcode_body 000000
__Lintcodelo                                       intcodelo    00000E
__Lintentry                                        intentry     000000
__Lintret                                          intret       000000
__Lintsave_regs                                    intsave_regs 000000
__Lirdata                                          irdata       000000
__Lmediumconst                                     mediumconst  000000
__LnvFARRAM                                        nvFARRAM     000000
__Lnvbit                                           nvbit        000000
__Lnvrram                                          nvrram       000000
__Lparam                                           rparam       000000
__Lpowerup                                         powerup      00000E
__Lram                                             ram          000000
__Lramtop                                          ramtop       001000
__Lrbit                                            rbit         000000
__Lrbss                                            rbss         000000
__Lrdata                                           rdata        000000
__Lreset_vec                                       reset_vec    000000
__Lrparam                                          rparam       000000
__Lsfr                                             sfr          000000
__Lsmallconst                                      smallconst   001000
__Lspace_0                                         (abs)        000000
__Lspace_1                                         (abs)        000000
__Lspace_2                                         (abs)        000000
__Lspace_4                                         (abs)        000000
__Lstack                                           stack        000000
__Lstruct                                          struct       000000
__Ltemp                                            temp         00007D
__Ltext                                            text         000000
__Ltext0                                           text0        000000
__Ltext1                                           text1        000000
__Ltext10                                          text10       000000
__Ltext11                                          text11       000000
__Ltext12                                          text12       000000
__Ltext13                                          text13       000000
__Ltext14                                          text14       000000
__Ltext15                                          text15       000000
__Ltext16                                          text16       000000
__Ltext17                                          text17       000000
__Ltext18                                          text18       000000
__Ltext19                                          text19       000000
__Ltext20                                          text20       000000
__Ltext21                                          text21       000000
__Ltext22                                          text22       000000
__Ltext3                                           text3        000000
__Ltext4                                           text4        000000
__Ltext5                                           text5        000000
__Ltext6                                           text6        000000
__Ltext7                                           text7        000000
__Ltext8                                           text8        000000
__Ltext9                                           text9        000000
__S0                                               (abs)        00160C
__S1                                               (abs)        0000CD
__S4                                               (abs)        000000
__S5                                               (abs)        000000
___heap_hi                                         (abs)        000000
___heap_lo                                         (abs)        000000
___inthi_sp                                        stack        000000
___intlo_sp                                        stack        000000
___param_bank                                      (abs)        000000
___rparam_used                                     (abs)        000001
___sp                                              stack        000000
__accesstop                                        (abs)        000080
__activetblptr                                     (abs)        000003
__end_of_ADC_ISR                                   text22       00160C
__end_of_CCP1_ISR                                  text21       001604
__end_of_CCP2_ISR                                  text20       00151E
__end_of_ECCP_ISR                                  text19       001600
__end_of_INT0_ISR                                  text18       0015FC
__end_of_INT1_ISR                                  text17       0015F8
__end_of_INT2_ISR                                  text16       0015F4
__end_of_InterruptManagerHigh                      intcode_body 00144C
__end_of_Key_Pad_Array                             smallconst   001011
__end_of_MSSP_I2C_BC_ISR                           text15       0015F0
__end_of_MSSP_I2C_ISR                              text14       0015EC
__end_of_RB4_ISR                                   text13       0015B2
__end_of_RB5_ISR                                   text12       001598
__end_of_RB6_ISR                                   text11       00157E
__end_of_RB7_ISR                                   text10       001564
__end_of_SPI_ISR                                   text9        0015E8
__end_of_TIMER0_ISR                                text8        0015D6
__end_of_TIMER1_ISR                                text7        0015E0
__end_of_TIMER2_ISR                                text6        00160A
__end_of_TIMER3_ISR                                text5        0015CA
__end_of_USART_RX_ISR                              text4        001608
__end_of_USART_TX_ISR                              text3        0015E4
__end_of__initialization                           cinit        0014A4
__end_of_intialization                             text1        001606
__end_of_main                                      text0        0015BE
__initialization                                   cinit        00144C
__mediumconst                                      mediumconst  000000
__pbssBANK0                                        bssBANK0     0000C2
__pbssCOMRAM                                       bssCOMRAM    000001
__pcinit                                           cinit        00144C
__pcstackBANK0                                     cstackBANK0  000000
__pcstackCOMRAM                                    cstackCOMRAM 00007A
__pdataBANK0                                       dataBANK0    000080
__pdataCOMRAM                                      dataCOMRAM   00004E
__pidataBANK0                                      idataBANK0   0014AE
__pidataCOMRAM                                     idataCOMRAM  00151E
__pintcode                                         intcode      000008
__pintcode_body                                    intcode_body 001016
__psmallconst                                      smallconst   001000
__ptext0                                           text0        0015B2
__ptext1                                           text1        001604
__ptext10                                          text10       00154A
__ptext11                                          text11       001564
__ptext12                                          text12       00157E
__ptext13                                          text13       001598
__ptext14                                          text14       0015E8
__ptext15                                          text15       0015EC
__ptext16                                          text16       0015F0
__ptext17                                          text17       0015F4
__ptext18                                          text18       0015F8
__ptext19                                          text19       0015FC
__ptext20                                          text20       0014F0
__ptext21                                          text21       001600
__ptext22                                          text22       00160A
__ptext3                                           text3        0015E0
__ptext4                                           text4        001606
__ptext5                                           text5        0015BE
__ptext6                                           text6        001608
__ptext7                                           text7        0015D6
__ptext8                                           text8        0015CA
__ptext9                                           text9        0015E4
__ramtop                                           ramtop       001000
__smallconst                                       smallconst   001000
_intialization                                     text1        001604
_key_pad1                                          dataBANK0    0000B4
_lcd1                                              dataBANK0    0000BC
_main                                              text0        0015B2
_pre_load                                          bssCOMRAM    00001F
_pre_load@mcal_timer1$F3715                        bssCOMRAM    00001B
_pre_load@mcal_timer2$F3818                        bssCOMRAM    000019
_ret                                               bssCOMRAM    00000B
_timer3_preload_value                              bssCOMRAM    000015
btemp                                              temp         00007D
end_of_initialization                              cinit        0014A4
int$flags                                          temp         00007D
int_func                                           intcode_body 001016
intlevel0                                          text         000000
intlevel1                                          text         000000
intlevel2                                          text         000000
intlevel3                                          text         000000
isa$std                                            (abs)        000001
isa$xinst                                          (abs)        000000
servo_motor_intialize@F2926                        dataCOMRAM   00006C
servo_motor_intialize@F2928                        dataBANK0    0000A7
servo_motor_intialize@F2931                        dataBANK0    00009A
servo_motor_set_angle@F2943                        dataBANK0    00008D
servo_motor_set_angle@F2946                        dataBANK0    000080
stackhi                                            (abs)        000000
stacklo                                            (abs)        000000
start                                              init         00000E
start_initialization                               cinit        00144C
ttemp5                                             temp         00007E
ttemp6                                             temp         000081
ttemp7                                             temp         000085
wtemp8                                             temp         00007E


MODULE INFORMATION

Module		Function		Class		Link	Load	Size
MCAL_Layer/ECCP/hal_eccp.c
		_ECCP_ISR      		CODE           	15FC	0000	4

MCAL_Layer/ECCP/hal_eccp.c estimated size: 4

MCAL_Layer/Timer2/mcal_timer2.c
		_TIMER2_ISR    		CODE           	1608	0000	2

MCAL_Layer/Timer2/mcal_timer2.c estimated size: 2

MCAL_Layer/Timer0/mcal_timer0.c
		_TIMER0_ISR    		CODE           	15CA	0000	12

MCAL_Layer/Timer0/mcal_timer0.c estimated size: 12

MCAL_Layer/SPI/hal_spi.c
		_SPI_ISR       		CODE           	15E4	0000	4

MCAL_Layer/SPI/hal_spi.c estimated size: 4

MCAL_Layer/I2C/hal_i2c.c
		_MSSP_I2C_ISR  		CODE           	15E8	0000	4
		_MSSP_I2C_BC_ISR		CODE           	15EC	0000	4

MCAL_Layer/I2C/hal_i2c.c estimated size: 8

Application.c
		_main          		CODE           	15B2	0000	12
		_intialization 		CODE           	1604	0000	2

Application.c estimated size: 14

MCAL_Layer/CCP1/hal_ccp.c
		_CCP1_ISR      		CODE           	1600	0000	4
		_CCP2_ISR      		CODE           	14F0	0000	46

MCAL_Layer/CCP1/hal_ccp.c estimated size: 50

MCAL_Layer/MCAL_ADC/mcal_adc.c
		_ADC_ISR       		CODE           	160A	0000	2

MCAL_Layer/MCAL_ADC/mcal_adc.c estimated size: 2

MCAL_Layer/Timer3/mcal_timer3.c
		_TIMER3_ISR    		CODE           	15BE	0000	12

MCAL_Layer/Timer3/mcal_timer3.c estimated size: 12

MCAL_Layer/Timer1/mcal_timer1.c
		_TIMER1_ISR    		CODE           	15D6	0000	10

MCAL_Layer/Timer1/mcal_timer1.c estimated size: 10

shared
		_Key_Pad_Array 		SMALLCONST     	1001	0000	16
		__initialization		CODE           	144C	0000	88

shared estimated size: 104

MCAL_Layer/Interrupt/mcal_external_interrupt.c
		_RB4_ISR       		CODE           	1598	0000	26
		_RB5_ISR       		CODE           	157E	0000	26
		_RB6_ISR       		CODE           	1564	0000	26
		_RB7_ISR       		CODE           	154A	0000	26
		_INT0_ISR      		CODE           	15F8	0000	4
		_INT1_ISR      		CODE           	15F4	0000	4
		_INT2_ISR      		CODE           	15F0	0000	4

MCAL_Layer/Interrupt/mcal_external_interrupt.c estimated size: 116

MCAL_Layer/Interrupt/mcal_interrupt_manager.c
		_InterruptManagerHigh		CODE           	0008	0000	1084

MCAL_Layer/Interrupt/mcal_interrupt_manager.c estimated size: 1084

MCAL_Layer/USART/hal_usart.c
		_USART_RX_ISR  		CODE           	1606	0000	2
		_USART_TX_ISR  		CODE           	15E0	0000	4

MCAL_Layer/USART/hal_usart.c estimated size: 6

